  Determining projects to restore...
  All projects are up-to-date for restore.
H:\Antigravity\EntitesDemo\Entities\Audit\AuditLog.cs(112,20): error CS0246: The type or namespace name 'User' could not be found (are you missing a using directive or an assembly reference?) [H:\Antigravity\EntitesDemo\TravelMarketplace.Api.csproj]
H:\Antigravity\EntitesDemo\Entities\Bookings\BookingStatusHistory.cs(62,20): error CS0246: The type or namespace name 'User' could not be found (are you missing a using directive or an assembly reference?) [H:\Antigravity\EntitesDemo\TravelMarketplace.Api.csproj]
H:\Antigravity\EntitesDemo\Entities\Bookings\Booking.cs(149,20): error CS0246: The type or namespace name 'User' could not be found (are you missing a using directive or an assembly reference?) [H:\Antigravity\EntitesDemo\TravelMarketplace.Api.csproj]
H:\Antigravity\EntitesDemo\Entities\Cars\Car.cs(166,20): error CS0246: The type or namespace name 'User' could not be found (are you missing a using directive or an assembly reference?) [H:\Antigravity\EntitesDemo\TravelMarketplace.Api.csproj]
H:\Antigravity\EntitesDemo\Entities\Cars\Car.cs(171,20): error CS0246: The type or namespace name 'User' could not be found (are you missing a using directive or an assembly reference?) [H:\Antigravity\EntitesDemo\TravelMarketplace.Api.csproj]
H:\Antigravity\EntitesDemo\Entities\Bookings\Booking.cs(154,20): error CS0246: The type or namespace name 'User' could not be found (are you missing a using directive or an assembly reference?) [H:\Antigravity\EntitesDemo\TravelMarketplace.Api.csproj]
H:\Antigravity\EntitesDemo\Entities\Coupons\Coupon.cs(103,20): error CS0246: The type or namespace name 'User' could not be found (are you missing a using directive or an assembly reference?) [H:\Antigravity\EntitesDemo\TravelMarketplace.Api.csproj]
H:\Antigravity\EntitesDemo\Entities\Hotels\Hotel.cs(137,20): error CS0246: The type or namespace name 'User' could not be found (are you missing a using directive or an assembly reference?) [H:\Antigravity\EntitesDemo\TravelMarketplace.Api.csproj]
H:\Antigravity\EntitesDemo\Entities\Reviews\Favorite.cs(57,20): error CS0246: The type or namespace name 'User' could not be found (are you missing a using directive or an assembly reference?) [H:\Antigravity\EntitesDemo\TravelMarketplace.Api.csproj]
H:\Antigravity\EntitesDemo\Entities\Bookings\Booking.cs(159,20): error CS0246: The type or namespace name 'User' could not be found (are you missing a using directive or an assembly reference?) [H:\Antigravity\EntitesDemo\TravelMarketplace.Api.csproj]
H:\Antigravity\EntitesDemo\Entities\Tours\Tour.cs(154,20): error CS0246: The type or namespace name 'User' could not be found (are you missing a using directive or an assembly reference?) [H:\Antigravity\EntitesDemo\TravelMarketplace.Api.csproj]
H:\Antigravity\EntitesDemo\Entities\Payments\Payment.cs(153,20): error CS0246: The type or namespace name 'Booking' could not be found (are you missing a using directive or an assembly reference?) [H:\Antigravity\EntitesDemo\TravelMarketplace.Api.csproj]
H:\Antigravity\EntitesDemo\Entities\Hotels\Hotel.cs(142,20): error CS0246: The type or namespace name 'User' could not be found (are you missing a using directive or an assembly reference?) [H:\Antigravity\EntitesDemo\TravelMarketplace.Api.csproj]
H:\Antigravity\EntitesDemo\Entities\Flights\Flight.cs(136,20): error CS0246: The type or namespace name 'User' could not be found (are you missing a using directive or an assembly reference?) [H:\Antigravity\EntitesDemo\TravelMarketplace.Api.csproj]
H:\Antigravity\EntitesDemo\Entities\Tours\Tour.cs(159,20): error CS0246: The type or namespace name 'User' could not be found (are you missing a using directive or an assembly reference?) [H:\Antigravity\EntitesDemo\TravelMarketplace.Api.csproj]
H:\Antigravity\EntitesDemo\Entities\Coupons\CouponUsage.cs(55,20): error CS0246: The type or namespace name 'Booking' could not be found (are you missing a using directive or an assembly reference?) [H:\Antigravity\EntitesDemo\TravelMarketplace.Api.csproj]
H:\Antigravity\EntitesDemo\Entities\Flights\FlightSeat.cs(81,20): error CS0246: The type or namespace name 'User' could not be found (are you missing a using directive or an assembly reference?) [H:\Antigravity\EntitesDemo\TravelMarketplace.Api.csproj]
H:\Antigravity\EntitesDemo\Entities\Payments\Payment.cs(158,20): error CS0246: The type or namespace name 'User' could not be found (are you missing a using directive or an assembly reference?) [H:\Antigravity\EntitesDemo\TravelMarketplace.Api.csproj]
H:\Antigravity\EntitesDemo\Entities\Reviews\Review.cs(105,20): error CS0246: The type or namespace name 'User' could not be found (are you missing a using directive or an assembly reference?) [H:\Antigravity\EntitesDemo\TravelMarketplace.Api.csproj]
H:\Antigravity\EntitesDemo\Entities\Flights\Flight.cs(141,20): error CS0246: The type or namespace name 'User' could not be found (are you missing a using directive or an assembly reference?) [H:\Antigravity\EntitesDemo\TravelMarketplace.Api.csproj]
H:\Antigravity\EntitesDemo\Entities\Coupons\CouponUsage.cs(60,20): error CS0246: The type or namespace name 'User' could not be found (are you missing a using directive or an assembly reference?) [H:\Antigravity\EntitesDemo\TravelMarketplace.Api.csproj]
H:\Antigravity\EntitesDemo\Entities\Payments\Payment.cs(163,20): error CS0246: The type or namespace name 'User' could not be found (are you missing a using directive or an assembly reference?) [H:\Antigravity\EntitesDemo\TravelMarketplace.Api.csproj]
H:\Antigravity\EntitesDemo\Entities\Hotels\Room.cs(146,20): error CS0246: The type or namespace name 'User' could not be found (are you missing a using directive or an assembly reference?) [H:\Antigravity\EntitesDemo\TravelMarketplace.Api.csproj]
H:\Antigravity\EntitesDemo\Entities\Reviews\Review.cs(110,20): error CS0246: The type or namespace name 'User' could not be found (are you missing a using directive or an assembly reference?) [H:\Antigravity\EntitesDemo\TravelMarketplace.Api.csproj]
H:\Antigravity\EntitesDemo\Entities\Hotels\Room.cs(151,20): error CS0246: The type or namespace name 'User' could not be found (are you missing a using directive or an assembly reference?) [H:\Antigravity\EntitesDemo\TravelMarketplace.Api.csproj]
H:\Antigravity\EntitesDemo\Entities\Reviews\Review.cs(115,20): error CS0246: The type or namespace name 'Booking' could not be found (are you missing a using directive or an assembly reference?) [H:\Antigravity\EntitesDemo\TravelMarketplace.Api.csproj]

Build FAILED.

H:\Antigravity\EntitesDemo\Entities\Audit\AuditLog.cs(112,20): error CS0246: The type or namespace name 'User' could not be found (are you missing a using directive or an assembly reference?) [H:\Antigravity\EntitesDemo\TravelMarketplace.Api.csproj]
H:\Antigravity\EntitesDemo\Entities\Bookings\BookingStatusHistory.cs(62,20): error CS0246: The type or namespace name 'User' could not be found (are you missing a using directive or an assembly reference?) [H:\Antigravity\EntitesDemo\TravelMarketplace.Api.csproj]
H:\Antigravity\EntitesDemo\Entities\Bookings\Booking.cs(149,20): error CS0246: The type or namespace name 'User' could not be found (are you missing a using directive or an assembly reference?) [H:\Antigravity\EntitesDemo\TravelMarketplace.Api.csproj]
H:\Antigravity\EntitesDemo\Entities\Cars\Car.cs(166,20): error CS0246: The type or namespace name 'User' could not be found (are you missing a using directive or an assembly reference?) [H:\Antigravity\EntitesDemo\TravelMarketplace.Api.csproj]
H:\Antigravity\EntitesDemo\Entities\Cars\Car.cs(171,20): error CS0246: The type or namespace name 'User' could not be found (are you missing a using directive or an assembly reference?) [H:\Antigravity\EntitesDemo\TravelMarketplace.Api.csproj]
H:\Antigravity\EntitesDemo\Entities\Bookings\Booking.cs(154,20): error CS0246: The type or namespace name 'User' could not be found (are you missing a using directive or an assembly reference?) [H:\Antigravity\EntitesDemo\TravelMarketplace.Api.csproj]
H:\Antigravity\EntitesDemo\Entities\Coupons\Coupon.cs(103,20): error CS0246: The type or namespace name 'User' could not be found (are you missing a using directive or an assembly reference?) [H:\Antigravity\EntitesDemo\TravelMarketplace.Api.csproj]
H:\Antigravity\EntitesDemo\Entities\Hotels\Hotel.cs(137,20): error CS0246: The type or namespace name 'User' could not be found (are you missing a using directive or an assembly reference?) [H:\Antigravity\EntitesDemo\TravelMarketplace.Api.csproj]
H:\Antigravity\EntitesDemo\Entities\Reviews\Favorite.cs(57,20): error CS0246: The type or namespace name 'User' could not be found (are you missing a using directive or an assembly reference?) [H:\Antigravity\EntitesDemo\TravelMarketplace.Api.csproj]
H:\Antigravity\EntitesDemo\Entities\Bookings\Booking.cs(159,20): error CS0246: The type or namespace name 'User' could not be found (are you missing a using directive or an assembly reference?) [H:\Antigravity\EntitesDemo\TravelMarketplace.Api.csproj]
H:\Antigravity\EntitesDemo\Entities\Tours\Tour.cs(154,20): error CS0246: The type or namespace name 'User' could not be found (are you missing a using directive or an assembly reference?) [H:\Antigravity\EntitesDemo\TravelMarketplace.Api.csproj]
H:\Antigravity\EntitesDemo\Entities\Payments\Payment.cs(153,20): error CS0246: The type or namespace name 'Booking' could not be found (are you missing a using directive or an assembly reference?) [H:\Antigravity\EntitesDemo\TravelMarketplace.Api.csproj]
H:\Antigravity\EntitesDemo\Entities\Hotels\Hotel.cs(142,20): error CS0246: The type or namespace name 'User' could not be found (are you missing a using directive or an assembly reference?) [H:\Antigravity\EntitesDemo\TravelMarketplace.Api.csproj]
H:\Antigravity\EntitesDemo\Entities\Flights\Flight.cs(136,20): error CS0246: The type or namespace name 'User' could not be found (are you missing a using directive or an assembly reference?) [H:\Antigravity\EntitesDemo\TravelMarketplace.Api.csproj]
H:\Antigravity\EntitesDemo\Entities\Tours\Tour.cs(159,20): error CS0246: The type or namespace name 'User' could not be found (are you missing a using directive or an assembly reference?) [H:\Antigravity\EntitesDemo\TravelMarketplace.Api.csproj]
H:\Antigravity\EntitesDemo\Entities\Coupons\CouponUsage.cs(55,20): error CS0246: The type or namespace name 'Booking' could not be found (are you missing a using directive or an assembly reference?) [H:\Antigravity\EntitesDemo\TravelMarketplace.Api.csproj]
H:\Antigravity\EntitesDemo\Entities\Flights\FlightSeat.cs(81,20): error CS0246: The type or namespace name 'User' could not be found (are you missing a using directive or an assembly reference?) [H:\Antigravity\EntitesDemo\TravelMarketplace.Api.csproj]
H:\Antigravity\EntitesDemo\Entities\Payments\Payment.cs(158,20): error CS0246: The type or namespace name 'User' could not be found (are you missing a using directive or an assembly reference?) [H:\Antigravity\EntitesDemo\TravelMarketplace.Api.csproj]
H:\Antigravity\EntitesDemo\Entities\Reviews\Review.cs(105,20): error CS0246: The type or namespace name 'User' could not be found (are you missing a using directive or an assembly reference?) [H:\Antigravity\EntitesDemo\TravelMarketplace.Api.csproj]
H:\Antigravity\EntitesDemo\Entities\Flights\Flight.cs(141,20): error CS0246: The type or namespace name 'User' could not be found (are you missing a using directive or an assembly reference?) [H:\Antigravity\EntitesDemo\TravelMarketplace.Api.csproj]
H:\Antigravity\EntitesDemo\Entities\Coupons\CouponUsage.cs(60,20): error CS0246: The type or namespace name 'User' could not be found (are you missing a using directive or an assembly reference?) [H:\Antigravity\EntitesDemo\TravelMarketplace.Api.csproj]
H:\Antigravity\EntitesDemo\Entities\Payments\Payment.cs(163,20): error CS0246: The type or namespace name 'User' could not be found (are you missing a using directive or an assembly reference?) [H:\Antigravity\EntitesDemo\TravelMarketplace.Api.csproj]
H:\Antigravity\EntitesDemo\Entities\Hotels\Room.cs(146,20): error CS0246: The type or namespace name 'User' could not be found (are you missing a using directive or an assembly reference?) [H:\Antigravity\EntitesDemo\TravelMarketplace.Api.csproj]
H:\Antigravity\EntitesDemo\Entities\Reviews\Review.cs(110,20): error CS0246: The type or namespace name 'User' could not be found (are you missing a using directive or an assembly reference?) [H:\Antigravity\EntitesDemo\TravelMarketplace.Api.csproj]
H:\Antigravity\EntitesDemo\Entities\Hotels\Room.cs(151,20): error CS0246: The type or namespace name 'User' could not be found (are you missing a using directive or an assembly reference?) [H:\Antigravity\EntitesDemo\TravelMarketplace.Api.csproj]
H:\Antigravity\EntitesDemo\Entities\Reviews\Review.cs(115,20): error CS0246: The type or namespace name 'Booking' could not be found (are you missing a using directive or an assembly reference?) [H:\Antigravity\EntitesDemo\TravelMarketplace.Api.csproj]
    0 Warning(s)
    26 Error(s)

Time Elapsed 00:00:01.24
